{"_id":"02163","city":"CAMBRIDGE","loc":{"0":-71.141879,"1":42.364005},"pop":0,"state":"MA"}