{"pop":40704}
{"pop":42101}
{"pop":53257}
{"pop":58655}