{"pop":106564}
{"pop":100027}
{"pop":84143}
{"pop":74643}
{"pop":65141}
{"pop":61332}
{"pop":58648}
{"pop":57426}
{"pop":57385}
{"pop":55989}
{"pop":54631}
{"pop":52311}
{"pop":51561}
{"pop":51224}
{"pop":46560}