{"pop":112047}
{"pop":111396}
{"pop":106564}
{"pop":100027}
{"pop":99568}
{"pop":98612}
{"pop":96074}
{"pop":95971}
{"pop":94317}
{"pop":94188}
{"pop":92005}
{"pop":91814}