{"_id":"32803","city":"ORLANDO"}
{"_id":"58504","city":"LINCOLN"}
{"_id":"01602","city":"WORCESTER"}
{"_id":"16125","city":"SHENANGO"}
{"_id":"15214","city":"OBSERVATORY"}
{"_id":"18603","city":"BERWICK"}
{"_id":"72501","city":"BATESVILLE"}
{"_id":"48082","city":"SAINT CLAIR SHOR"}
{"_id":"01945","city":"MARBLEHEAD"}
{"_id":"27408","city":"GREENSBORO"}
{"_id":"98270","city":"MARYSVILLE"}
{"_id":"97068","city":"WEST LINN"}
{"_id":"10703","city":"YONKERS"}
{"_id":"14830","city":"CORNING"}
{"_id":"23060","city":"GLEN ALLEN"}