{"_id":"32803","city":"ORLANDO","loc":{"0":-81.353462,"1":28.555897}}
{"_id":"58504","city":"LINCOLN","loc":{"0":-100.774411,"1":46.782463}}
{"_id":"01602","city":"WORCESTER","loc":{"0":-71.841678,"1":42.270251}}
{"_id":"16125","city":"SHENANGO","loc":{"0":-80.380344,"1":41.399403}}
{"_id":"15214","city":"OBSERVATORY","loc":{"0":-80.01393,"1":40.481309}}
{"_id":"18603","city":"BERWICK","loc":{"0":-76.244269,"1":41.066477}}
{"_id":"72501","city":"BATESVILLE","loc":{"0":-91.63519,"1":35.782614}}
{"_id":"48082","city":"SAINT CLAIR SHOR","loc":{"0":-82.886538,"1":42.526627}}
{"_id":"01945","city":"MARBLEHEAD","loc":{"0":-70.865291,"1":42.498431}}
{"_id":"27408","city":"GREENSBORO","loc":{"0":-79.816531,"1":36.1064}}
{"_id":"98270","city":"MARYSVILLE","loc":{"0":-122.156168,"1":48.065639}}
{"_id":"97068","city":"WEST LINN","loc":{"0":-122.647952,"1":45.366874}}
{"_id":"10703","city":"YONKERS","loc":{"0":-73.885163,"1":40.951763}}
{"_id":"14830","city":"CORNING","loc":{"0":-77.047546,"1":42.138331}}
{"_id":"23060","city":"GLEN ALLEN","loc":{"0":-77.534016,"1":37.662848}}