{"_id":"08526","city":"IMLAYSTOWN","state":"NJ"}
{"_id":"07608","city":"TETERBORO","state":"NJ"}
{"_id":"08556","city":"ROSEMONT","state":"NJ"}
{"_id":"08327","city":"LEESBURG","state":"NJ"}
{"_id":"07881","city":"WALLPACK CENTER","state":"NJ"}
{"_id":"08041","city":"JOBSTOWN","state":"NJ"}
{"_id":"08314","city":"DELMONT","state":"NJ"}
{"_id":"08823","city":"FRANKLIN PARK","state":"NJ"}
{"_id":"08528","city":"KINGSTON","state":"NJ"}
{"_id":"08248","city":"STRATHMERE","state":"NJ"}
{"_id":"08048","city":"LUMBERTON","state":"NJ"}
{"_id":"08019","city":"CHATSWORTH","state":"NJ"}
{"_id":"08061","city":"MOUNT ROYAL","state":"NJ"}
{"_id":"08511","city":"COOKSTOWN","state":"NJ"}
{"_id":"08324","city":"HEISLERVILLE","state":"NJ"}