{"pop":60986}
{"pop":58655}
{"pop":58325}
{"pop":58001}
{"pop":56319}
{"pop":53257}
{"pop":50823}
{"pop":48953}
{"pop":47458}
{"pop":47183}
{"pop":47038}
{"pop":46815}
{"pop":46608}
{"pop":46131}
{"pop":45485}