{"_id":"02163","city":"CAMBRIDGE","pop":0}
{"_id":"04013","city":"BUSTINS ISLAND","pop":0}
{"_id":"05405","city":"UNIV OF VERMONT","pop":0}
{"_id":"12922","city":"CHILDWOLD","pop":0}
{"_id":"13333","city":"EAST SPRINGFIELD","pop":0}
{"_id":"13436","city":"RAQUETTE LAKE","pop":0}
{"_id":"15744","city":"HAMILTON","pop":0}
{"_id":"19113","city":"PHILADELPHIA","pop":0}
{"_id":"23337","city":"WALLOPS ISLAND","pop":0}
{"_id":"25139","city":"MOUNT CARBON","pop":0}