{"_id":"60623","city":"CHICAGO","pop":112047}
{"_id":"11226","city":"BROOKLYN","pop":111396}
{"_id":"10021","city":"NEW YORK","pop":106564}
{"_id":"10025","city":"NEW YORK","pop":100027}
{"_id":"90201","city":"BELL GARDENS","pop":99568}
{"_id":"60617","city":"CHICAGO","pop":98612}
{"_id":"90011","city":"LOS ANGELES","pop":96074}
{"_id":"60647","city":"CHICAGO","pop":95971}
{"_id":"60628","city":"CHICAGO","pop":94317}
{"_id":"90650","city":"NORWALK","pop":94188}