{"_id":"07608","loc":{"0":-74.054204,"1":40.86175},"state":"NJ"}
{"_id":"08556","loc":{"0":-74.991928,"1":40.422005},"state":"NJ"}
{"_id":"08327","loc":{"0":-75.001211,"1":39.238724},"state":"NJ"}
{"_id":"07881","loc":{"0":-74.917595,"1":41.134332},"state":"NJ"}
{"_id":"08041","loc":{"0":-74.687305,"1":40.038698},"state":"NJ"}