{"_id":"60623","city":"CHICAGO","loc":{"0":-87.7157,"1":41.849015},"pop":112047,"state":"IL"}
{"_id":"10021","city":"NEW YORK","loc":{"0":-73.958805,"1":40.768476},"pop":106564,"state":"NY"}
{"_id":"10025","city":"NEW YORK","loc":{"0":-73.968312,"1":40.797466},"pop":100027,"state":"NY"}
{"_id":"60617","city":"CHICAGO","loc":{"0":-87.556012,"1":41.725743},"pop":98612,"state":"IL"}
{"_id":"60647","city":"CHICAGO","loc":{"0":-87.704322,"1":41.920903},"pop":95971,"state":"IL"}
{"_id":"60628","city":"CHICAGO","loc":{"0":-87.624277,"1":41.693443},"pop":94317,"state":"IL"}
{"_id":"60620","city":"CHICAGO","loc":{"0":-87.654251,"1":41.741119},"pop":92005,"state":"IL"}
{"_id":"60629","city":"CHICAGO","loc":{"0":-87.706936,"1":41.778149},"pop":91814,"state":"IL"}
{"_id":"60609","city":"CHICAGO","loc":{"0":-87.653279,"1":41.809721},"pop":89762,"state":"IL"}
{"_id":"60618","city":"CHICAGO","loc":{"0":-87.704214,"1":41.946401},"pop":88377,"state":"IL"}