{"_id":"07055","city":"PASSAIC","loc":{"0":-74.128348,"1":40.860132},"pop":58325,"state":"NJ"}
{"_id":"08753","city":"TOMS RIVER","loc":{"0":-74.156508,"1":39.977083},"pop":58001,"state":"NJ"}
{"_id":"08360","city":"VINELAND","loc":{"0":-75.009087,"1":39.48177},"pop":56319,"state":"NJ"}
{"_id":"07047","city":"NORTH BERGEN","loc":{"0":-74.017715,"1":40.793019},"pop":50823,"state":"NJ"}
{"_id":"08021","city":"LAUREL SPRINGS","loc":{"0":-75.003997,"1":39.80703},"pop":48953,"state":"NJ"}
{"_id":"08701","city":"LAKEWOOD","loc":{"0":-74.204199,"1":40.085043},"pop":47458,"state":"NJ"}
{"_id":"07104","city":"NEWARK","loc":{"0":-74.1695,"1":40.766446},"pop":47183,"state":"NJ"}
{"_id":"08854","city":"PISCATAWAY","loc":{"0":-74.458996,"1":40.55152},"pop":47038,"state":"NJ"}
{"_id":"07470","city":"WAYNE","loc":{"0":-74.246565,"1":40.947112},"pop":46815,"state":"NJ"}
{"_id":"07083","city":"UNION","loc":{"0":-74.267653,"1":40.695184},"pop":46608,"state":"NJ"}