{"pop":42}
{"pop":49}
{"pop":67}
{"pop":115}
{"pop":135}
{"pop":154}
{"pop":160}
{"pop":163}
{"pop":170}
{"pop":215}
{"pop":239}
{"pop":262}
{"pop":264}
{"pop":318}
{"pop":329}